// Vitest Snapshot v1, https://vitest.dev/guide/snapshot.html

exports[`NewCharacter 1`] = `
<ul
  class="_list_fd8985"
>
  <li
    class="_skill_fd8985"
    title="0 xp — 83 to level 2"
  >
    <span
      class="_name_fd8985"
    >
      Attack
    </span>
    <span
      class="_level_fd8985"
    >
      1/1
    </span>
    <span
      class="_bar_fd8985"
      style="--fill:0%"
    />
  </li>
  <li
    class="_skill_fd8985"
    title="1,154 xp — 204 to level 11"
  >
    <span
      class="_name_fd8985"
    >
      Hitpoints
    </span>
    <span
      class="_level_fd8985"
    >
      10/10
    </span>
    <span
      class="_bar_fd8985"
      style="--fill:0%"
    />
  </li>
  <li
    class="_skill_fd8985"
    title="0 xp — 83 to level 2"
  >
    <span
      class="_name_fd8985"
    >
      Mining
    </span>
    <span
      class="_level_fd8985"
    >
      1/1
    </span>
    <span
      class="_bar_fd8985"
      style="--fill:0%"
    />
  </li>
  <li
    class="_skill_fd8985"
    title="0 xp — 83 to level 2"
  >
    <span
      class="_name_fd8985"
    >
      Strength
    </span>
    <span
      class="_level_fd8985"
    >
      1/1
    </span>
    <span
      class="_bar_fd8985"
      style="--fill:0%"
    />
  </li>
  <li
    class="_skill_fd8985"
    title="0 xp — 83 to level 2"
  >
    <span
      class="_name_fd8985"
    >
      Agility
    </span>
    <span
      class="_level_fd8985"
    >
      1/1
    </span>
    <span
      class="_bar_fd8985"
      style="--fill:0%"
    />
  </li>
  <li
    class="_skill_fd8985"
    title="0 xp — 83 to level 2"
  >
    <span
      class="_name_fd8985"
    >
      Smithing
    </span>
    <span
      class="_level_fd8985"
    >
      1/1
    </span>
    <span
      class="_bar_fd8985"
      style="--fill:0%"
    />
  </li>
  <li
    class="_skill_fd8985"
    title="0 xp — 83 to level 2"
  >
    <span
      class="_name_fd8985"
    >
      Defence
    </span>
    <span
      class="_level_fd8985"
    >
      1/1
    </span>
    <span
      class="_bar_fd8985"
      style="--fill:0%"
    />
  </li>
  <li
    class="_skill_fd8985"
    title="0 xp — 83 to level 2"
  >
    <span
      class="_name_fd8985"
    >
      Herblore
    </span>
    <span
      class="_level_fd8985"
    >
      1/1
    </span>
    <span
      class="_bar_fd8985"
      style="--fill:0%"
    />
  </li>
  <li
    class="_skill_fd8985"
    title="0 xp — 83 to level 2"
  >
    <span
      class="_name_fd8985"
    >
      Fishing
    </span>
    <span
      class="_level_fd8985"
    >
      1/1
    </span>
    <span
      class="_bar_fd8985"
      style="--fill:0%"
    />
  </li>
  <li
    class="_skill_fd8985"
    title="0 xp — 83 to level 2"
  >
    <span
      class="_name_fd8985"
    >
      Ranged
    </span>
    <span
      class="_level_fd8985"
    >
      1/1
    </span>
    <span
      class="_bar_fd8985"
      style="--fill:0%"
    />
  </li>
  <li
    class="_skill_fd8985"
    title="0 xp — 83 to level 2"
  >
    <span
      class="_name_fd8985"
    >
      Thieving
    </span>
    <span
      class="_level_fd8985"
    >
      1/1
    </span>
    <span
      class="_bar_fd8985"
      style="--fill:0%"
    />
  </li>
  <li
    class="_skill_fd8985"
    title="0 xp — 83 to level 2"
  >
    <span
      class="_name_fd8985"
    >
      Cooking
    </span>
    <span
      class="_level_fd8985"
    >
      1/1
    </span>
    <span
      class="_bar_fd8985"
      style="--fill:0%"
    />
  </li>
  <li
    class="_skill_fd8985"
    title="0 xp — 83 to level 2"
  >
    <span
      class="_name_fd8985"
    >
      Prayer
    </span>
    <span
      class="_level_fd8985"
    >
      1/1
    </span>
    <span
      class="_bar_fd8985"
      style="--fill:0%"
    />
  </li>
  <li
    class="_skill_fd8985"
    title="0 xp — 83 to level 2"
  >
    <span
      class="_name_fd8985"
    >
      Crafting
    </span>
    <span
      class="_level_fd8985"
    >
      1/1
    </span>
    <span
      class="_bar_fd8985"
      style="--fill:0%"
    />
  </li>
  <li
    class="_skill_fd8985"
    title="0 xp — 83 to level 2"
  >
    <span
      class="_name_fd8985"
    >
      Firemaking
    </span>
    <span
      class="_level_fd8985"
    >
      1/1
    </span>
    <span
      class="_bar_fd8985"
      style="--fill:0%"
    />
  </li>
  <li
    class="_skill_fd8985"
    title="0 xp — 83 to level 2"
  >
    <span
      class="_name_fd8985"
    >
      Magic
    </span>
    <span
      class="_level_fd8985"
    >
      1/1
    </span>
    <span
      class="_bar_fd8985"
      style="--fill:0%"
    />
  </li>
  <li
    class="_skill_fd8985"
    title="0 xp — 83 to level 2"
  >
    <span
      class="_name_fd8985"
    >
      Fletching
    </span>
    <span
      class="_level_fd8985"
    >
      1/1
    </span>
    <span
      class="_bar_fd8985"
      style="--fill:0%"
    />
  </li>
  <li
    class="_skill_fd8985"
    title="0 xp — 83 to level 2"
  >
    <span
      class="_name_fd8985"
    >
      Woodcutting
    </span>
    <span
      class="_level_fd8985"
    >
      1/1
    </span>
    <span
      class="_bar_fd8985"
      style="--fill:0%"
    />
  </li>
  <li
    class="_skill_fd8985"
    title="0 xp — 83 to level 2"
  >
    <span
      class="_name_fd8985"
    >
      Runecraft
    </span>
    <span
      class="_level_fd8985"
    >
      1/1
    </span>
    <span
      class="_bar_fd8985"
      style="--fill:0%"
    />
  </li>
  <li
    class="_skill_fd8985"
    title="0 xp — 83 to level 2"
  >
    <span
      class="_name_fd8985"
    >
      Slayer
    </span>
    <span
      class="_level_fd8985"
    >
      1/1
    </span>
    <span
      class="_bar_fd8985"
      style="--fill:0%"
    />
  </li>
</ul>
`;

exports[`PartlyTrained 1`] = `
<ul
  class="_list_fd8985"
>
  <li
    class="_skill_fd8985"
    title="0 xp — 83 to level 2"
  >
    <span
      class="_name_fd8985"
    >
      Attack
    </span>
    <span
      class="_level_fd8985"
    >
      1/1
    </span>
    <span
      class="_bar_fd8985"
      style="--fill:0%"
    />
  </li>
  <li
    class="_skill_fd8985"
    title="1,154 xp — 204 to level 11"
  >
    <span
      class="_name_fd8985"
    >
      Hitpoints
    </span>
    <span
      class="_level_fd8985"
    >
      10/10
    </span>
    <span
      class="_bar_fd8985"
      style="--fill:0%"
    />
  </li>
  <li
    class="_skill_fd8985"
    title="0 xp — 83 to level 2"
  >
    <span
      class="_name_fd8985"
    >
      Mining
    </span>
    <span
      class="_level_fd8985"
    >
      1/1
    </span>
    <span
      class="_bar_fd8985"
      style="--fill:0%"
    />
  </li>
  <li
    class="_skill_fd8985"
    title="0 xp — 83 to level 2"
  >
    <span
      class="_name_fd8985"
    >
      Strength
    </span>
    <span
      class="_level_fd8985"
    >
      1/1
    </span>
    <span
      class="_bar_fd8985"
      style="--fill:0%"
    />
  </li>
  <li
    class="_skill_fd8985"
    title="0 xp — 83 to level 2"
  >
    <span
      class="_name_fd8985"
    >
      Agility
    </span>
    <span
      class="_level_fd8985"
    >
      1/1
    </span>
    <span
      class="_bar_fd8985"
      style="--fill:0%"
    />
  </li>
  <li
    class="_skill_fd8985"
    title="0 xp — 83 to level 2"
  >
    <span
      class="_name_fd8985"
    >
      Smithing
    </span>
    <span
      class="_level_fd8985"
    >
      1/1
    </span>
    <span
      class="_bar_fd8985"
      style="--fill:0%"
    />
  </li>
  <li
    class="_skill_fd8985"
    title="0 xp — 83 to level 2"
  >
    <span
      class="_name_fd8985"
    >
      Defence
    </span>
    <span
      class="_level_fd8985"
    >
      1/1
    </span>
    <span
      class="_bar_fd8985"
      style="--fill:0%"
    />
  </li>
  <li
    class="_skill_fd8985"
    title="0 xp — 83 to level 2"
  >
    <span
      class="_name_fd8985"
    >
      Herblore
    </span>
    <span
      class="_level_fd8985"
    >
      1/1
    </span>
    <span
      class="_bar_fd8985"
      style="--fill:0%"
    />
  </li>
  <li
    class="_skill_fd8985"
    title="0 xp — 83 to level 2"
  >
    <span
      class="_name_fd8985"
    >
      Fishing
    </span>
    <span
      class="_level_fd8985"
    >
      1/1
    </span>
    <span
      class="_bar_fd8985"
      style="--fill:0%"
    />
  </li>
  <li
    class="_skill_fd8985"
    title="0 xp — 83 to level 2"
  >
    <span
      class="_name_fd8985"
    >
      Ranged
    </span>
    <span
      class="_level_fd8985"
    >
      1/1
    </span>
    <span
      class="_bar_fd8985"
      style="--fill:0%"
    />
  </li>
  <li
    class="_skill_fd8985"
    title="0 xp — 83 to level 2"
  >
    <span
      class="_name_fd8985"
    >
      Thieving
    </span>
    <span
      class="_level_fd8985"
    >
      1/1
    </span>
    <span
      class="_bar_fd8985"
      style="--fill:0%"
    />
  </li>
  <li
    class="_skill_fd8985"
    title="0 xp — 83 to level 2"
  >
    <span
      class="_name_fd8985"
    >
      Cooking
    </span>
    <span
      class="_level_fd8985"
    >
      1/1
    </span>
    <span
      class="_bar_fd8985"
      style="--fill:0%"
    />
  </li>
  <li
    class="_skill_fd8985"
    title="0 xp — 83 to level 2"
  >
    <span
      class="_name_fd8985"
    >
      Prayer
    </span>
    <span
      class="_level_fd8985"
    >
      1/1
    </span>
    <span
      class="_bar_fd8985"
      style="--fill:0%"
    />
  </li>
  <li
    class="_skill_fd8985"
    title="0 xp — 83 to level 2"
  >
    <span
      class="_name_fd8985"
    >
      Crafting
    </span>
    <span
      class="_level_fd8985"
    >
      1/1
    </span>
    <span
      class="_bar_fd8985"
      style="--fill:0%"
    />
  </li>
  <li
    class="_skill_fd8985"
    title="0 xp — 83 to level 2"
  >
    <span
      class="_name_fd8985"
    >
      Firemaking
    </span>
    <span
      class="_level_fd8985"
    >
      1/1
    </span>
    <span
      class="_bar_fd8985"
      style="--fill:0%"
    />
  </li>
  <li
    class="_skill_fd8985"
    title="0 xp — 83 to level 2"
  >
    <span
      class="_name_fd8985"
    >
      Magic
    </span>
    <span
      class="_level_fd8985"
    >
      1/1
    </span>
    <span
      class="_bar_fd8985"
      style="--fill:0%"
    />
  </li>
  <li
    class="_skill_fd8985"
    title="0 xp — 83 to level 2"
  >
    <span
      class="_name_fd8985"
    >
      Fletching
    </span>
    <span
      class="_level_fd8985"
    >
      1/1
    </span>
    <span
      class="_bar_fd8985"
      style="--fill:0%"
    />
  </li>
  <li
    class="_skill_fd8985"
    title="61,512 xp — 6,234 to level 43"
  >
    <span
      class="_name_fd8985"
    >
      Woodcutting
    </span>
    <span
      class="_level_fd8985"
    >
      42/42
    </span>
    <span
      class="_bar_fd8985"
      style="--fill:40%"
    />
  </li>
  <li
    class="_skill_fd8985"
    title="0 xp — 83 to level 2"
  >
    <span
      class="_name_fd8985"
    >
      Runecraft
    </span>
    <span
      class="_level_fd8985"
    >
      1/1
    </span>
    <span
      class="_bar_fd8985"
      style="--fill:0%"
    />
  </li>
  <li
    class="_skill_fd8985"
    title="0 xp — 83 to level 2"
  >
    <span
      class="_name_fd8985"
    >
      Slayer
    </span>
    <span
      class="_level_fd8985"
    >
      1/1
    </span>
    <span
      class="_bar_fd8985"
      style="--fill:0%"
    />
  </li>
</ul>
`;
